sorted("hello,world!")
['!', ',', 'd', 'e', 'h', 'l', 'l', 'l', 'o', 'o', 'r', 'w']
>>> list('hello,world')
['h', 'e', 'l', 'l', 'o', ',', 'w', 'o', 'r', 'l', 'd']
>>> price=['apple','1','banana','2']
>>> a=dict(price)
Traceback (most recent call last):
  File "<pyshell#10>", line 1, in <module>
    a=dict(price)
ValueError: dictionary update sequence element #0 has length 5; 2 is required
>>> ''.join(reversed('hello.world'))
'dlrow.olleh'
>>> while True:
	word = input('Please enter a word:')
	if not word:break
	# deal with word
	print'the word was'+word
	
SyntaxError: invalid syntax
>>> while True:
	word = input('Please enter a word:')
	if not word:break
	# deal with word
	print'the word was',word
	
SyntaxError: invalid syntax
>>> while True:
	word = input('Please enter a word:')
	if not word:break
	# deal with word
	print ('the word was'+word)

	
Please enter a word:
>>> 
>>> while True:
	word = input('Please enter a word:')
	if not word:break
	# deal with word
	print ('the word was'+word)

Please enter a word:
>>> while True:
	word = input('Please enter a word:')
	if not word:break
	# deal with word
	print ('the word was'+word)

	
Please enter a word:sss
the word wassss
Please enter a word:
